/home/worker021/miniconda3/envs/py39/lib/python3.9/site-packages/pandera/_pandas_deprecated.py:160: FutureWarning: Importing pandas-specific classes and functions from the
top-level pandera module will be **removed in a future version of pandera**.
If you're using pandera to validate pandas objects, we highly recommend updating
your import:

```
# old import
import pandera as pa

# new import
import pandera.pandas as pa
```

If you're using pandera to validate objects from other compatible libraries
like pyspark or polars, see the supported libraries section of the documentation
for more information on how to import pandera:

https://pandera.readthedocs.io/en/stable/supported_libraries.html

To disable this warning, set the environment variable:

```
export DISABLE_PANDERA_IMPORT_WARNING=True
```

  warnings.warn(_future_warning, FutureWarning)
The current solver interface glpk doesn't support setting the optimality tolerance.
============================= test session starts ==============================
platform linux -- Python 3.9.23, pytest-8.4.1, pluggy-1.6.0
rootdir: /home/worker021
plugins: typeguard-4.4.4, anyio-4.10.0
collected 236 items / 1 skipped

miniconda3/envs/py39/lib/python3.9/site-packages/memote/suite/tests/test_annotation.py . [  0%]
..FFFFFFFFFFFFFFFFFFFFFFFFFFFFFF..FFFFFFF....F..FFF...F.FF.FFF..         [ 27%]
miniconda3/envs/py39/lib/python3.9/site-packages/memote/suite/tests/test_basic.py . [ 27%]
...F.FF.......F...F.FF                                                   [ 37%]
miniconda3/envs/py39/lib/python3.9/site-packages/memote/suite/tests/test_biomass.py . [ 37%]
FFFFFFFFFFF............................................FFFFFFFFFFF.F..F. [ 68%]
.F.F............FFFFFFFFFFF                                              [ 79%]
miniconda3/envs/py39/lib/python3.9/site-packages/memote/suite/tests/test_consistency.py F [ 80%]
FFFFFFFF...sssssFFFFFFFF.FFF                                             [ 91%]
miniconda3/envs/py39/lib/python3.9/site-packages/memote/suite/tests/test_essentiality.py s [ 92%]
                                                                         [ 92%]
miniconda3/envs/py39/lib/python3.9/site-packages/memote/suite/tests/test_growth.py s [ 92%]
                                                                         [ 92%]
miniconda3/envs/py39/lib/python3.9/site-packages/memote/suite/tests/test_matrix.py . [ 93%]
...                                                                      [ 94%]
miniconda3/envs/py39/lib/python3.9/site-packages/memote/suite/tests/test_sbml.py . [ 94%]
.                                                                        [ 95%]
miniconda3/envs/py39/lib/python3.9/site-packages/memote/suite/tests/test_sbo.py F [ 95%]
FFFFFFFFs.                                                               [100%]

=============================== warnings summary ===============================
miniconda3/envs/py39/lib/python3.9/site-packages/_pytest/config/__init__.py:1290
  /home/worker021/miniconda3/envs/py39/lib/python3.9/site-packages/_pytest/config/__init__.py:1290: PytestAssertRewriteWarning: Module already imported so cannot be rewritten; typeguard
    self._mark_plugins_for_rewrite(hook, disable_autoload)

miniconda3/envs/py39/lib/python3.9/site-packages/memote/suite/tests/test_annotation.py::test_metabolite_id_namespace_consistency
miniconda3/envs/py39/lib/python3.9/site-packages/memote/suite/tests/test_annotation.py::test_reaction_id_namespace_consistency
  /home/worker021/miniconda3/envs/py39/lib/python3.9/site-packages/memote/support/annotation.py:279: FutureWarning: A value is trying to be set on a copy of a DataFrame or Series through chained assignment using an inplace method.
  The behavior will change in pandas 3.0. This inplace method will never work because the intermediate object on which we are setting values always behaves as a copy.
  
  For example, when doing 'df[col].method(value, inplace=True)', try using 'df.method({col: value}, inplace=True)' or df[col] = df[col].method(value) instead, to perform the operation inplace on the original object.
  
  
    df["duplicate"].fillna(False, inplace=True)

miniconda3/envs/py39/lib/python3.9/site-packages/memote/suite/tests/test_annotation.py::test_metabolite_id_namespace_consistency
miniconda3/envs/py39/lib/python3.9/site-packages/memote/suite/tests/test_annotation.py::test_reaction_id_namespace_consistency
  /home/worker021/miniconda3/envs/py39/lib/python3.9/site-packages/memote/support/annotation.py:279: FutureWarning: Downcasting object dtype arrays on .fillna, .ffill, .bfill is deprecated and will change in a future version. Call result.infer_objects(copy=False) instead. To opt-in to the future behavior, set `pd.set_option('future.no_silent_downcasting', True)`
    df["duplicate"].fillna(False, inplace=True)

miniconda3/envs/py39/lib/python3.9/site-packages/memote/suite/tests/test_biomass.py: 11 warnings
  /home/worker021/miniconda3/envs/py39/lib/python3.9/site-packages/cobra/core/metabolite.py:191: UserWarning: The element 'R' does not appear in the periodic table
    warn(f"The element {e} does not appear in the periodic table")

-- Docs: https://docs.pytest.org/en/stable/how-to/capture-warnings.html
=========================== short test summary info ============================
FAILED miniconda3/envs/py39/lib/python3.9/site-packages/memote/suite/tests/test_annotation.py::test_metabolite_annotation_overview[pubchem.compound]
FAILED miniconda3/envs/py39/lib/python3.9/site-packages/memote/suite/tests/test_annotation.py::test_metabolite_annotation_overview[kegg.compound]
FAILED miniconda3/envs/py39/lib/python3.9/site-packages/memote/suite/tests/test_annotation.py::test_metabolite_annotation_overview[seed.compound]
FAILED miniconda3/envs/py39/lib/python3.9/site-packages/memote/suite/tests/test_annotation.py::test_metabolite_annotation_overview[inchikey]
FAILED miniconda3/envs/py39/lib/python3.9/site-packages/memote/suite/tests/test_annotation.py::test_metabolite_annotation_overview[inchi]
FAILED miniconda3/envs/py39/lib/python3.9/site-packages/memote/suite/tests/test_annotation.py::test_metabolite_annotation_overview[chebi]
FAILED miniconda3/envs/py39/lib/python3.9/site-packages/memote/suite/tests/test_annotation.py::test_metabolite_annotation_overview[hmdb]
FAILED miniconda3/envs/py39/lib/python3.9/site-packages/memote/suite/tests/test_annotation.py::test_metabolite_annotation_overview[reactome]
FAILED miniconda3/envs/py39/lib/python3.9/site-packages/memote/suite/tests/test_annotation.py::test_metabolite_annotation_overview[metanetx.chemical]
FAILED miniconda3/envs/py39/lib/python3.9/site-packages/memote/suite/tests/test_annotation.py::test_metabolite_annotation_overview[bigg.metabolite]
FAILED miniconda3/envs/py39/lib/python3.9/site-packages/memote/suite/tests/test_annotation.py::test_metabolite_annotation_overview[biocyc]
FAILED miniconda3/envs/py39/lib/python3.9/site-packages/memote/suite/tests/test_annotation.py::test_reaction_annotation_overview[rhea]
FAILED miniconda3/envs/py39/lib/python3.9/site-packages/memote/suite/tests/test_annotation.py::test_reaction_annotation_overview[kegg.reaction]
FAILED miniconda3/envs/py39/lib/python3.9/site-packages/memote/suite/tests/test_annotation.py::test_reaction_annotation_overview[seed.reaction]
FAILED miniconda3/envs/py39/lib/python3.9/site-packages/memote/suite/tests/test_annotation.py::test_reaction_annotation_overview[metanetx.reaction]
FAILED miniconda3/envs/py39/lib/python3.9/site-packages/memote/suite/tests/test_annotation.py::test_reaction_annotation_overview[bigg.reaction]
FAILED miniconda3/envs/py39/lib/python3.9/site-packages/memote/suite/tests/test_annotation.py::test_reaction_annotation_overview[reactome]
FAILED miniconda3/envs/py39/lib/python3.9/site-packages/memote/suite/tests/test_annotation.py::test_reaction_annotation_overview[ec-code]
FAILED miniconda3/envs/py39/lib/python3.9/site-packages/memote/suite/tests/test_annotation.py::test_reaction_annotation_overview[brenda]
FAILED miniconda3/envs/py39/lib/python3.9/site-packages/memote/suite/tests/test_annotation.py::test_reaction_annotation_overview[biocyc]
FAILED miniconda3/envs/py39/lib/python3.9/site-packages/memote/suite/tests/test_annotation.py::test_gene_product_annotation_overview[refseq]
FAILED miniconda3/envs/py39/lib/python3.9/site-packages/memote/suite/tests/test_annotation.py::test_gene_product_annotation_overview[uniprot]
FAILED miniconda3/envs/py39/lib/python3.9/site-packages/memote/suite/tests/test_annotation.py::test_gene_product_annotation_overview[ecogene]
FAILED miniconda3/envs/py39/lib/python3.9/site-packages/memote/suite/tests/test_annotation.py::test_gene_product_annotation_overview[kegg.genes]
FAILED miniconda3/envs/py39/lib/python3.9/site-packages/memote/suite/tests/test_annotation.py::test_gene_product_annotation_overview[ncbigi]
FAILED miniconda3/envs/py39/lib/python3.9/site-packages/memote/suite/tests/test_annotation.py::test_gene_product_annotation_overview[ncbigene]
FAILED miniconda3/envs/py39/lib/python3.9/site-packages/memote/suite/tests/test_annotation.py::test_gene_product_annotation_overview[ncbiprotein]
FAILED miniconda3/envs/py39/lib/python3.9/site-packages/memote/suite/tests/test_annotation.py::test_gene_product_annotation_overview[ccds]
FAILED miniconda3/envs/py39/lib/python3.9/site-packages/memote/suite/tests/test_annotation.py::test_gene_product_annotation_overview[hprd]
FAILED miniconda3/envs/py39/lib/python3.9/site-packages/memote/suite/tests/test_annotation.py::test_gene_product_annotation_overview[asap]
FAILED miniconda3/envs/py39/lib/python3.9/site-packages/memote/suite/tests/test_annotation.py::test_metabolite_annotation_wrong_ids[seed.compound]
FAILED miniconda3/envs/py39/lib/python3.9/site-packages/memote/suite/tests/test_annotation.py::test_metabolite_annotation_wrong_ids[inchikey]
FAILED miniconda3/envs/py39/lib/python3.9/site-packages/memote/suite/tests/test_annotation.py::test_metabolite_annotation_wrong_ids[inchi]
FAILED miniconda3/envs/py39/lib/python3.9/site-packages/memote/suite/tests/test_annotation.py::test_metabolite_annotation_wrong_ids[chebi]
FAILED miniconda3/envs/py39/lib/python3.9/site-packages/memote/suite/tests/test_annotation.py::test_metabolite_annotation_wrong_ids[hmdb]
FAILED miniconda3/envs/py39/lib/python3.9/site-packages/memote/suite/tests/test_annotation.py::test_metabolite_annotation_wrong_ids[reactome]
FAILED miniconda3/envs/py39/lib/python3.9/site-packages/memote/suite/tests/test_annotation.py::test_metabolite_annotation_wrong_ids[metanetx.chemical]
FAILED miniconda3/envs/py39/lib/python3.9/site-packages/memote/suite/tests/test_annotation.py::test_reaction_annotation_wrong_ids[seed.reaction]
FAILED miniconda3/envs/py39/lib/python3.9/site-packages/memote/suite/tests/test_annotation.py::test_reaction_annotation_wrong_ids[reactome]
FAILED miniconda3/envs/py39/lib/python3.9/site-packages/memote/suite/tests/test_annotation.py::test_reaction_annotation_wrong_ids[ec-code]
FAILED miniconda3/envs/py39/lib/python3.9/site-packages/memote/suite/tests/test_annotation.py::test_reaction_annotation_wrong_ids[brenda]
FAILED miniconda3/envs/py39/lib/python3.9/site-packages/memote/suite/tests/test_annotation.py::test_gene_product_annotation_wrong_ids[ecogene]
FAILED miniconda3/envs/py39/lib/python3.9/site-packages/memote/suite/tests/test_annotation.py::test_gene_product_annotation_wrong_ids[ncbigi]
FAILED miniconda3/envs/py39/lib/python3.9/site-packages/memote/suite/tests/test_annotation.py::test_gene_product_annotation_wrong_ids[ncbigene]
FAILED miniconda3/envs/py39/lib/python3.9/site-packages/memote/suite/tests/test_annotation.py::test_gene_product_annotation_wrong_ids[ccds]
FAILED miniconda3/envs/py39/lib/python3.9/site-packages/memote/suite/tests/test_annotation.py::test_gene_product_annotation_wrong_ids[hprd]
FAILED miniconda3/envs/py39/lib/python3.9/site-packages/memote/suite/tests/test_annotation.py::test_gene_product_annotation_wrong_ids[asap]
FAILED miniconda3/envs/py39/lib/python3.9/site-packages/memote/suite/tests/test_basic.py::test_metabolites_formula_presence
FAILED miniconda3/envs/py39/lib/python3.9/site-packages/memote/suite/tests/test_basic.py::test_gene_protein_reaction_rule_presence
FAILED miniconda3/envs/py39/lib/python3.9/site-packages/memote/suite/tests/test_basic.py::test_ngam_presence
FAILED miniconda3/envs/py39/lib/python3.9/site-packages/memote/suite/tests/test_basic.py::test_transport_reaction_gpr_presence
FAILED miniconda3/envs/py39/lib/python3.9/site-packages/memote/suite/tests/test_basic.py::test_find_reactions_with_partially_identical_annotations
FAILED miniconda3/envs/py39/lib/python3.9/site-packages/memote/suite/tests/test_basic.py::test_find_reactions_with_identical_genes
FAILED miniconda3/envs/py39/lib/python3.9/site-packages/memote/suite/tests/test_basic.py::test_find_medium_metabolites
FAILED miniconda3/envs/py39/lib/python3.9/site-packages/memote/suite/tests/test_biomass.py::test_biomass_consistency[calb_biomass_irv781__c]
FAILED miniconda3/envs/py39/lib/python3.9/site-packages/memote/suite/tests/test_biomass.py::test_biomass_consistency[calb_bm_alloc_CL_16_0_18_1_16_0_18_1__c]
FAILED miniconda3/envs/py39/lib/python3.9/site-packages/memote/suite/tests/test_biomass.py::test_biomass_consistency[calb_bm_alloc_DG_16_0_18_1__c]
FAILED miniconda3/envs/py39/lib/python3.9/site-packages/memote/suite/tests/test_biomass.py::test_biomass_consistency[calb_bm_alloc_MG_18_1__c]
FAILED miniconda3/envs/py39/lib/python3.9/site-packages/memote/suite/tests/test_biomass.py::test_biomass_consistency[calb_bm_alloc_PA_16_0_18_1__c]
FAILED miniconda3/envs/py39/lib/python3.9/site-packages/memote/suite/tests/test_biomass.py::test_biomass_consistency[calb_bm_alloc_PC_16_0_18_1__c]
FAILED miniconda3/envs/py39/lib/python3.9/site-packages/memote/suite/tests/test_biomass.py::test_biomass_consistency[calb_bm_alloc_PE_16_0_18_1__c]
FAILED miniconda3/envs/py39/lib/python3.9/site-packages/memote/suite/tests/test_biomass.py::test_biomass_consistency[calb_bm_alloc_PG_16_0_18_1__c]
FAILED miniconda3/envs/py39/lib/python3.9/site-packages/memote/suite/tests/test_biomass.py::test_biomass_consistency[calb_bm_alloc_PI_16_0_18_1__c]
FAILED miniconda3/envs/py39/lib/python3.9/site-packages/memote/suite/tests/test_biomass.py::test_biomass_consistency[calb_bm_alloc_PS_16_0_18_1__c]
FAILED miniconda3/envs/py39/lib/python3.9/site-packages/memote/suite/tests/test_biomass.py::test_biomass_consistency[calb_bm_alloc_TG_16_0_18_1_18_1__c]
FAILED miniconda3/envs/py39/lib/python3.9/site-packages/memote/suite/tests/test_biomass.py::test_gam_in_biomass[calb_biomass_irv781__c]
FAILED miniconda3/envs/py39/lib/python3.9/site-packages/memote/suite/tests/test_biomass.py::test_gam_in_biomass[calb_bm_alloc_CL_16_0_18_1_16_0_18_1__c]
FAILED miniconda3/envs/py39/lib/python3.9/site-packages/memote/suite/tests/test_biomass.py::test_gam_in_biomass[calb_bm_alloc_DG_16_0_18_1__c]
FAILED miniconda3/envs/py39/lib/python3.9/site-packages/memote/suite/tests/test_biomass.py::test_gam_in_biomass[calb_bm_alloc_MG_18_1__c]
FAILED miniconda3/envs/py39/lib/python3.9/site-packages/memote/suite/tests/test_biomass.py::test_gam_in_biomass[calb_bm_alloc_PA_16_0_18_1__c]
FAILED miniconda3/envs/py39/lib/python3.9/site-packages/memote/suite/tests/test_biomass.py::test_gam_in_biomass[calb_bm_alloc_PC_16_0_18_1__c]
FAILED miniconda3/envs/py39/lib/python3.9/site-packages/memote/suite/tests/test_biomass.py::test_gam_in_biomass[calb_bm_alloc_PE_16_0_18_1__c]
FAILED miniconda3/envs/py39/lib/python3.9/site-packages/memote/suite/tests/test_biomass.py::test_gam_in_biomass[calb_bm_alloc_PG_16_0_18_1__c]
FAILED miniconda3/envs/py39/lib/python3.9/site-packages/memote/suite/tests/test_biomass.py::test_gam_in_biomass[calb_bm_alloc_PI_16_0_18_1__c]
FAILED miniconda3/envs/py39/lib/python3.9/site-packages/memote/suite/tests/test_biomass.py::test_gam_in_biomass[calb_bm_alloc_PS_16_0_18_1__c]
FAILED miniconda3/envs/py39/lib/python3.9/site-packages/memote/suite/tests/test_biomass.py::test_gam_in_biomass[calb_bm_alloc_TG_16_0_18_1_18_1__c]
FAILED miniconda3/envs/py39/lib/python3.9/site-packages/memote/suite/tests/test_biomass.py::test_fast_growth_default[calb_bm_alloc_CL_16_0_18_1_16_0_18_1__c]
FAILED miniconda3/envs/py39/lib/python3.9/site-packages/memote/suite/tests/test_biomass.py::test_fast_growth_default[calb_bm_alloc_PA_16_0_18_1__c]
FAILED miniconda3/envs/py39/lib/python3.9/site-packages/memote/suite/tests/test_biomass.py::test_fast_growth_default[calb_bm_alloc_PG_16_0_18_1__c]
FAILED miniconda3/envs/py39/lib/python3.9/site-packages/memote/suite/tests/test_biomass.py::test_fast_growth_default[calb_bm_alloc_PS_16_0_18_1__c]
FAILED miniconda3/envs/py39/lib/python3.9/site-packages/memote/suite/tests/test_biomass.py::test_essential_precursors_not_in_biomass[calb_biomass_irv781__c]
FAILED miniconda3/envs/py39/lib/python3.9/site-packages/memote/suite/tests/test_biomass.py::test_essential_precursors_not_in_biomass[calb_bm_alloc_CL_16_0_18_1_16_0_18_1__c]
FAILED miniconda3/envs/py39/lib/python3.9/site-packages/memote/suite/tests/test_biomass.py::test_essential_precursors_not_in_biomass[calb_bm_alloc_DG_16_0_18_1__c]
FAILED miniconda3/envs/py39/lib/python3.9/site-packages/memote/suite/tests/test_biomass.py::test_essential_precursors_not_in_biomass[calb_bm_alloc_MG_18_1__c]
FAILED miniconda3/envs/py39/lib/python3.9/site-packages/memote/suite/tests/test_biomass.py::test_essential_precursors_not_in_biomass[calb_bm_alloc_PA_16_0_18_1__c]
FAILED miniconda3/envs/py39/lib/python3.9/site-packages/memote/suite/tests/test_biomass.py::test_essential_precursors_not_in_biomass[calb_bm_alloc_PC_16_0_18_1__c]
FAILED miniconda3/envs/py39/lib/python3.9/site-packages/memote/suite/tests/test_biomass.py::test_essential_precursors_not_in_biomass[calb_bm_alloc_PE_16_0_18_1__c]
FAILED miniconda3/envs/py39/lib/python3.9/site-packages/memote/suite/tests/test_biomass.py::test_essential_precursors_not_in_biomass[calb_bm_alloc_PG_16_0_18_1__c]
FAILED miniconda3/envs/py39/lib/python3.9/site-packages/memote/suite/tests/test_biomass.py::test_essential_precursors_not_in_biomass[calb_bm_alloc_PI_16_0_18_1__c]
FAILED miniconda3/envs/py39/lib/python3.9/site-packages/memote/suite/tests/test_biomass.py::test_essential_precursors_not_in_biomass[calb_bm_alloc_PS_16_0_18_1__c]
FAILED miniconda3/envs/py39/lib/python3.9/site-packages/memote/suite/tests/test_biomass.py::test_essential_precursors_not_in_biomass[calb_bm_alloc_TG_16_0_18_1_18_1__c]
FAILED miniconda3/envs/py39/lib/python3.9/site-packages/memote/suite/tests/test_consistency.py::test_stoichiometric_consistency
FAILED miniconda3/envs/py39/lib/python3.9/site-packages/memote/suite/tests/test_consistency.py::test_unconserved_metabolites
FAILED miniconda3/envs/py39/lib/python3.9/site-packages/memote/suite/tests/test_consistency.py::test_inconsistent_min_stoichiometry
FAILED miniconda3/envs/py39/lib/python3.9/site-packages/memote/suite/tests/test_consistency.py::test_detect_energy_generating_cycles[MNXM3]
FAILED miniconda3/envs/py39/lib/python3.9/site-packages/memote/suite/tests/test_consistency.py::test_detect_energy_generating_cycles[MNXM63]
Writing snapshot report to '/mnt/fabb0776-b8da-464a-8326-3bb7ca279732/mengya/my_pangenome/results/pangenome_relaxed_80/347_final_detail_closed_ssGEM_memote/per_model/Calb_GCA_041438215_ssGEM/memote_snapshot.html'.
FAILED miniconda3/envs/py39/lib/python3.9/site-packages/memote/suite/tests/test_consistency.py::test_detect_energy_generating_cycles[MNXM51]
FAILED miniconda3/envs/py39/lib/python3.9/site-packages/memote/suite/tests/test_consistency.py::test_detect_energy_generating_cycles[MNXM121]
FAILED miniconda3/envs/py39/lib/python3.9/site-packages/memote/suite/tests/test_consistency.py::test_detect_energy_generating_cycles[MNXM423]
FAILED miniconda3/envs/py39/lib/python3.9/site-packages/memote/suite/tests/test_consistency.py::test_detect_energy_generating_cycles[MNXM6]
FAILED miniconda3/envs/py39/lib/python3.9/site-packages/memote/suite/tests/test_consistency.py::test_detect_energy_generating_cycles[MNXM21]
FAILED miniconda3/envs/py39/lib/python3.9/site-packages/memote/suite/tests/test_consistency.py::test_detect_energy_generating_cycles[MNXM89557]
FAILED miniconda3/envs/py39/lib/python3.9/site-packages/memote/suite/tests/test_consistency.py::test_reaction_charge_balance
FAILED miniconda3/envs/py39/lib/python3.9/site-packages/memote/suite/tests/test_consistency.py::test_reaction_mass_balance
FAILED miniconda3/envs/py39/lib/python3.9/site-packages/memote/suite/tests/test_consistency.py::test_blocked_reactions
FAILED miniconda3/envs/py39/lib/python3.9/site-packages/memote/suite/tests/test_consistency.py::test_find_stoichiometrically_balanced_cycles
FAILED miniconda3/envs/py39/lib/python3.9/site-packages/memote/suite/tests/test_consistency.py::test_find_orphans
FAILED miniconda3/envs/py39/lib/python3.9/site-packages/memote/suite/tests/test_consistency.py::test_find_deadends
FAILED miniconda3/envs/py39/lib/python3.9/site-packages/memote/suite/tests/test_consistency.py::test_find_metabolites_not_produced_with_open_bounds
FAILED miniconda3/envs/py39/lib/python3.9/site-packages/memote/suite/tests/test_consistency.py::test_find_metabolites_not_consumed_with_open_bounds
FAILED miniconda3/envs/py39/lib/python3.9/site-packages/memote/suite/tests/test_consistency.py::test_find_reactions_unbounded_flux_default_condition
FAILED miniconda3/envs/py39/lib/python3.9/site-packages/memote/suite/tests/test_sbo.py::test_metabolite_sbo_presence
FAILED miniconda3/envs/py39/lib/python3.9/site-packages/memote/suite/tests/test_sbo.py::test_reaction_sbo_presence
FAILED miniconda3/envs/py39/lib/python3.9/site-packages/memote/suite/tests/test_sbo.py::test_gene_sbo_presence
FAILED miniconda3/envs/py39/lib/python3.9/site-packages/memote/suite/tests/test_sbo.py::test_metabolic_reaction_specific_sbo_presence
FAILED miniconda3/envs/py39/lib/python3.9/site-packages/memote/suite/tests/test_sbo.py::test_transport_reaction_specific_sbo_presence
FAILED miniconda3/envs/py39/lib/python3.9/site-packages/memote/suite/tests/test_sbo.py::test_metabolite_specific_sbo_presence
FAILED miniconda3/envs/py39/lib/python3.9/site-packages/memote/suite/tests/test_sbo.py::test_gene_specific_sbo_presence
FAILED miniconda3/envs/py39/lib/python3.9/site-packages/memote/suite/tests/test_sbo.py::test_exchange_specific_sbo_presence
FAILED miniconda3/envs/py39/lib/python3.9/site-packages/memote/suite/tests/test_sbo.py::test_demand_specific_sbo_presence
===== 120 failed, 108 passed, 9 skipped, 16 warnings in 1851.79s (0:30:51) =====
[DONE] MEMOTE summary: /mnt/fabb0776-b8da-464a-8326-3bb7ca279732/mengya/my_pangenome/results/pangenome_relaxed_80/347_final_detail_closed_ssGEM_memote/per_model/Calb_GCA_041438215_ssGEM/memote_summary.tsv
